[INFO] Scanning for projects...
[INFO] 
[INFO] ----------------< com.uom:Software-design-competition >-----------------
[INFO] Building Software-design-competition 0.0.1-SNAPSHOT
[INFO]   from pom.xml
[INFO] --------------------------------[ jar ]---------------------------------
[INFO] 
[INFO] >>> spring-boot:3.5.4:run (default-cli) > test-compile @ Software-design-competition >>>
[INFO] 
[INFO] --- resources:3.3.1:resources (default-resources) @ Software-design-competition ---
[INFO] Copying 2 resources from src/main/resources to target/classes
[INFO] Copying 0 resource from src/main/resources to target/classes
[INFO] 
[INFO] --- compiler:3.14.0:compile (default-compile) @ Software-design-competition ---
[INFO] Recompiling the module because of changed source code.
[INFO] Compiling 64 source files with javac [debug parameters release 21] to target/classes
[INFO] /Users/yasiru/Documents/GitHub/Arbit-Backend/app/src/main/java/com/uom/Software_design_competition/domain/util/QueryBuilder.java: /Users/yasiru/Documents/GitHub/Arbit-Backend/app/src/main/java/com/uom/Software_design_competition/domain/util/QueryBuilder.java uses unchecked or unsafe operations.
[INFO] /Users/yasiru/Documents/GitHub/Arbit-Backend/app/src/main/java/com/uom/Software_design_competition/domain/util/QueryBuilder.java: Recompile with -Xlint:unchecked for details.
[INFO] 
[INFO] --- resources:3.3.1:testResources (default-testResources) @ Software-design-competition ---
[INFO] skip non existing resourceDirectory /Users/yasiru/Documents/GitHub/Arbit-Backend/app/src/test/resources
[INFO] 
[INFO] --- compiler:3.14.0:testCompile (default-testCompile) @ Software-design-competition ---
[INFO] Recompiling the module because of changed dependency.
[INFO] Compiling 1 source file with javac [debug parameters release 21] to target/test-classes
[INFO] 
[INFO] <<< spring-boot:3.5.4:run (default-cli) < test-compile @ Software-design-competition <<<
[INFO] 
[INFO] 
[INFO] --- spring-boot:3.5.4:run (default-cli) @ Software-design-competition ---
[INFO] Attaching agents: []

  .   ____          _            __ _ _
 /\\ / ___'_ __ _ _(_)_ __  __ _ \ \ \ \
( ( )\___ | '_ | '_| | '_ \/ _` | \ \ \ \
 \\/  ___)| |_)| | | | | || (_| |  ) ) ) )
  '  |____| .__|_| |_|_| |_\__, | / / / /
 =========|_|==============|___/=/_/_/_/

 :: Spring Boot ::                (v3.5.4)

2025-10-21 22:11:18 [main] INFO  c.u.S.SoftwareDesignCompetitionApplication - Starting SoftwareDesignCompetitionApplication using Java 21.0.8 with PID 85948 (/Users/yasiru/Documents/GitHub/Arbit-Backend/app/target/classes started by yasiru in /Users/yasiru/Documents/GitHub/Arbit-Backend/app)
2025-10-21 22:11:18 [main] INFO  c.u.S.SoftwareDesignCompetitionApplication - No active profile set, falling back to 1 default profile: "default"
2025-10-21 22:11:19 [main] INFO  o.s.d.r.c.RepositoryConfigurationDelegate - Bootstrapping Spring Data JPA repositories in DEFAULT mode.
2025-10-21 22:11:19 [main] INFO  o.s.d.r.c.RepositoryConfigurationDelegate - Finished Spring Data repository scanning in 29 ms. Found 6 JPA repository interfaces.
2025-10-21 22:11:19 [main] INFO  o.s.b.w.e.tomcat.TomcatWebServer - Tomcat initialized with port 5509 (http)
2025-10-21 22:11:19 [main] INFO  o.a.catalina.core.StandardService - Starting service [Tomcat]
2025-10-21 22:11:19 [main] INFO  o.a.catalina.core.StandardEngine - Starting Servlet engine: [Apache Tomcat/10.1.43]
2025-10-21 22:11:19 [main] INFO  o.a.c.c.C.[Tomcat].[localhost].[/] - Initializing Spring embedded WebApplicationContext
2025-10-21 22:11:19 [main] INFO  o.s.b.w.s.c.ServletWebServerApplicationContext - Root WebApplicationContext: initialization completed in 815 ms
2025-10-21 22:11:19 [main] INFO  o.h.jpa.internal.util.LogHelper - HHH000204: Processing PersistenceUnitInfo [name: default]
2025-10-21 22:11:19 [main] INFO  org.hibernate.Version - HHH000412: Hibernate ORM core version 6.6.22.Final
2025-10-21 22:11:19 [main] INFO  o.h.c.i.RegionFactoryInitiator - HHH000026: Second-level cache disabled
2025-10-21 22:11:20 [main] INFO  o.s.o.j.p.SpringPersistenceUnitInfo - No LoadTimeWeaver setup: ignoring JPA class transformer
2025-10-21 22:11:20 [main] INFO  com.zaxxer.hikari.HikariDataSource - HikariPool-1 - Starting...
2025-10-21 22:11:21 [main] INFO  com.zaxxer.hikari.pool.HikariPool - HikariPool-1 - Added connection org.postgresql.jdbc.PgConnection@1805ca5c
2025-10-21 22:11:21 [main] INFO  com.zaxxer.hikari.HikariDataSource - HikariPool-1 - Start completed.
2025-10-21 22:11:21 [main] WARN  org.hibernate.orm.deprecation - HHH90000025: PostgreSQLDialect does not need to be specified explicitly using 'hibernate.dialect' (remove the property setting and it will be selected by default)
2025-10-21 22:11:22 [main] INFO  o.hibernate.orm.connections.pooling - HHH10001005: Database info:
	Database JDBC URL [Connecting through datasource 'HikariDataSource (HikariPool-1)']
	Database driver: undefined/unknown
	Database version: 17.6
	Autocommit mode: undefined/unknown
	Isolation level: undefined/unknown
	Minimum pool size: undefined/unknown
	Maximum pool size: undefined/unknown
2025-10-21 22:11:22 [main] INFO  o.h.e.t.j.p.i.JtaPlatformInitiator - HHH000489: No JTA platform available (set 'hibernate.transaction.jta.platform' to enable JTA platform integration)
2025-10-21 22:11:22 [main] INFO  o.s.o.j.LocalContainerEntityManagerFactoryBean - Initialized JPA EntityManagerFactory for persistence unit 'default'
2025-10-21 22:11:23 [main] INFO  o.s.d.j.r.query.QueryEnhancerFactory - Hibernate is in classpath; If applicable, HQL parser will be used.
2025-10-21 22:11:23 [main] INFO  o.s.b.a.e.web.EndpointLinksResolver - Exposing 4 endpoints beneath base path '/actuator'
2025-10-21 22:11:23 [main] WARN  o.s.b.a.o.j.JpaBaseConfiguration$JpaWebConfiguration - spring.jpa.open-in-view is enabled by default. Therefore, database queries may be performed during view rendering. Explicitly configure spring.jpa.open-in-view to disable this warning
2025-10-21 22:11:23 [main] INFO  o.s.b.w.e.tomcat.TomcatWebServer - Tomcat started on port 5509 (http) with context path '/'
2025-10-21 22:11:23 [main] INFO  c.u.S.SoftwareDesignCompetitionApplication - Started SoftwareDesignCompetitionApplication in 5.085 seconds (process running for 5.223)
2025-10-21 22:11:29 [http-nio-0.0.0.0-5509-exec-1] INFO  o.a.tomcat.util.http.parser.Cookie - A cookie header was received [sidebar:state=true;] that contained an invalid cookie. That cookie will be ignored.
 Note: further occurrences of this error will be logged at DEBUG level.
2025-10-21 22:11:29 [http-nio-0.0.0.0-5509-exec-1] INFO  o.a.c.c.C.[Tomcat].[localhost].[/] - Initializing Spring DispatcherServlet 'dispatcherServlet'
2025-10-21 22:11:30 [http-nio-0.0.0.0-5509-exec-1] INFO  o.s.api.AbstractOpenApiResource - Init duration for springdoc-openapi is: 381 ms
2025-10-21 22:11:47 [http-nio-0.0.0.0-5509-exec-6] INFO  c.u.S.a.c.ImageAnalysisController - REQUEST_INITIATED|0|REQUEST_METHOD:GET|REQUEST_URI:/api/v1/image-analysis/results/transformer/TX-1345
2025-10-21 22:11:47 [http-nio-0.0.0.0-5509-exec-6] DEBUG org.hibernate.SQL - 
    select
        ar1_0.id,
        ar1_0.analysis_date,
        ar1_0.analysis_result_json,
        ar1_0.analysis_status,
        ar1_0.annotated_image_data,
        ar1_0.error_message,
        ar1_0.inspection_no,
        ar1_0.processing_time_ms,
        ar1_0.transformer_no 
    from
        analysis_result ar1_0 
    where
        ar1_0.transformer_no=? 
    order by
        ar1_0.analysis_date desc
Hibernate: 
    select
        ar1_0.id,
        ar1_0.analysis_date,
        ar1_0.analysis_result_json,
        ar1_0.analysis_status,
        ar1_0.annotated_image_data,
        ar1_0.error_message,
        ar1_0.inspection_no,
        ar1_0.processing_time_ms,
        ar1_0.transformer_no 
    from
        analysis_result ar1_0 
    where
        ar1_0.transformer_no=? 
    order by
        ar1_0.analysis_date desc
2025-10-21 22:11:49 [http-nio-0.0.0.0-5509-exec-6] INFO  c.u.S.a.c.ImageAnalysisController - REQUEST_TERMINATED|2539|REASON:Analysis results retrieved successfully
